TRACE:allocating 824 bytes
TRACE:ckalloc:allocated 824 bytes, (total=1136), ptr=0x1000b8
TRACE:allocating 718 bytes
TRACE:ckalloc:allocated 718 bytes, (total=1032), ptr=0x100528
TRACE:freeing 0x1000b8
TRACE:freeing 0x100528
TRACE:going to check heap: 2168 bytes allocated, 1046408 bytes left
TRACE:SUCCESS: checked 2 blocks, detected no errors
TRACE:SUCCESS heap checked out
