a=0, b=0, sel=0; out=0
a=0, b=0, sel=1; out=0
a=0, b=1, sel=0; out=1
a=0, b=1, sel=1; out=0
a=1, b=0, sel=0; out=0
a=1, b=0, sel=1; out=1
a=1, b=1, sel=0; out=1
a=1, b=1, sel=1; out=1
