TRACE:if you see this, mmu is working
TRACE:about to read a couple things
TRACE:success!!
