TRACE:should detect memory overflow at 1 byte past block end
TRACE:allocated : about to store
TRACE:: store to address 0x183ef8
TRACE:: store to address 0x183ef9
TRACE:: store to address 0x183efa
TRACE:: store to address 0x183efb
TRACE:: store to address 0x183efc
TRACE:ERROR: illegal store to to allocated block at  is 1 bytes after legal mem (block size=4)
TRACE:	logical block id=1,  nbytes=4
TRACE:	Block allocated at: tests/1-purify-bug.c:notmain:9
