TRACE:should detect use after free bug (store at offset 3)
TRACE:: store to address 0x183efb
TRACE:ERROR: use after free at  within freed block
TRACE:	logical block id=1,  nbytes=4
TRACE:	Block allocated at: tests/3-purify-free-bug.c:notmain:9
